2026-02-21 10:55:57,023 INFO o.a.j.u.JMeterUtils: Setting Locale to en_EN
2026-02-21 10:55:57,088 INFO o.a.j.JMeter: Loading user properties from: /opt/jmeter/bin/user.properties
2026-02-21 10:55:57,092 INFO o.a.j.JMeter: Loading system properties from: /opt/jmeter/bin/system.properties
2026-02-21 10:55:57,109 INFO o.a.j.JMeter: Copyright (c) 1998-2023 The Apache Software Foundation
2026-02-21 10:55:57,110 INFO o.a.j.JMeter: Version 5.6.2
2026-02-21 10:55:57,111 INFO o.a.j.JMeter: java.version=11.0.12
2026-02-21 10:55:57,111 INFO o.a.j.JMeter: java.vm.name=OpenJDK 64-Bit Server VM
2026-02-21 10:55:57,112 INFO o.a.j.JMeter: os.name=Linux
2026-02-21 10:55:57,113 INFO o.a.j.JMeter: os.arch=amd64
2026-02-21 10:55:57,114 INFO o.a.j.JMeter: os.version=6.6.87.2-microsoft-standard-WSL2
2026-02-21 10:55:57,115 INFO o.a.j.JMeter: file.encoding=UTF-8
2026-02-21 10:55:57,116 INFO o.a.j.JMeter: java.awt.headless=true
2026-02-21 10:55:57,117 INFO o.a.j.JMeter: Max memory     =1073741824
2026-02-21 10:55:57,118 INFO o.a.j.JMeter: Available Processors =12
2026-02-21 10:55:57,140 INFO o.a.j.JMeter: Default Locale=English (EN)
2026-02-21 10:55:57,140 INFO o.a.j.JMeter: JMeter  Locale=English (EN)
2026-02-21 10:55:57,141 INFO o.a.j.JMeter: JMeterHome=/opt/jmeter
2026-02-21 10:55:57,141 INFO o.a.j.JMeter: user.dir  =/tests
2026-02-21 10:55:57,142 INFO o.a.j.JMeter: PWD       =/tests
2026-02-21 10:55:57,143 INFO o.a.j.JMeter: IP: 172.17.0.2 Name: ff30bf7ae105 FullName: ff30bf7ae105
2026-02-21 10:55:57,170 INFO o.a.j.JMeter: Setting property 'jmeter.reportgenerator.outputdir' to:'/tests/report'
2026-02-21 10:55:57,179 INFO o.a.j.s.FileServer: Default base='/tests'
2026-02-21 10:55:57,184 INFO o.a.j.s.FileServer: Set new base='/tests'
2026-02-21 10:55:57,499 INFO o.a.j.s.SaveService: Testplan (JMX) version: 2.2. Testlog (JTL) version: 2.2
2026-02-21 10:55:57,547 INFO o.a.j.s.SaveService: Using SaveService properties version 5.0
2026-02-21 10:55:57,557 INFO o.a.j.s.SaveService: Using SaveService properties file encoding UTF-8
2026-02-21 10:55:57,568 INFO o.a.j.s.SaveService: Loading file: petstore.octoperf.com_new.jmx
2026-02-21 10:55:57,661 INFO o.a.j.p.h.c.CookieManager: Settings: Delete null: true Check: true Allow variable: true Save: false Prefix: COOKIE_
2026-02-21 10:55:57,671 INFO o.a.j.p.h.c.CacheManager: Will only cache the following methods: [GET]
2026-02-21 10:55:57,715 INFO o.a.j.p.h.s.HTTPSamplerBase: Parser for text/html is org.apache.jmeter.protocol.http.parser.LagartoBasedHtmlParser
2026-02-21 10:55:57,716 INFO o.a.j.p.h.s.HTTPSamplerBase: Parser for application/xhtml+xml is org.apache.jmeter.protocol.http.parser.LagartoBasedHtmlParser
2026-02-21 10:55:57,717 INFO o.a.j.p.h.s.HTTPSamplerBase: Parser for application/xml is org.apache.jmeter.protocol.http.parser.LagartoBasedHtmlParser
2026-02-21 10:55:57,717 INFO o.a.j.p.h.s.HTTPSamplerBase: Parser for text/xml is org.apache.jmeter.protocol.http.parser.LagartoBasedHtmlParser
2026-02-21 10:55:57,718 INFO o.a.j.p.h.s.HTTPSamplerBase: Parser for text/vnd.wap.wml is org.apache.jmeter.protocol.http.parser.RegexpHTMLParser
2026-02-21 10:55:57,718 INFO o.a.j.p.h.s.HTTPSamplerBase: Parser for text/css is org.apache.jmeter.protocol.http.parser.CssParser
2026-02-21 10:55:57,952 INFO o.a.j.JMeter: Creating summariser <summary>
2026-02-21 10:55:57,967 INFO o.a.j.r.d.ReportGenerator: ReportGenerator will use for Parsing the separator: ','
2026-02-21 10:55:57,969 INFO o.a.j.r.d.ReportGenerator: Will generate report at end of test from  results file: results_pet.jtl
2026-02-21 10:55:57,970 INFO o.a.j.r.d.ReportGenerator: Reading report generator properties from: /opt/jmeter/bin/reportgenerator.properties
2026-02-21 10:55:57,972 INFO o.a.j.r.d.ReportGenerator: Merging with JMeter properties
2026-02-21 10:55:57,983 INFO o.a.j.r.c.ReportGeneratorConfiguration: Property 'jmeter.reportgenerator.temp_dir' not found, using default value 'temp' instead.
2026-02-21 10:55:57,988 INFO o.a.j.r.c.ReportGeneratorConfiguration: Property 'jmeter.reportgenerator.apdex_per_transaction' not found, using default value 'null' instead.
2026-02-21 10:55:57,989 INFO o.a.j.r.c.ReportGeneratorConfiguration: apdex_per_transaction is empty, not APDEX per transaction customization
2026-02-21 10:55:57,990 INFO o.a.j.r.c.ReportGeneratorConfiguration: Property 'jmeter.reportgenerator.sample_filter' not found, using default value 'null' instead.
2026-02-21 10:55:57,990 INFO o.a.j.r.c.ReportGeneratorConfiguration: Property 'jmeter.reportgenerator.report_title' not found, using default value 'null' instead.
2026-02-21 10:55:57,991 INFO o.a.j.r.c.ReportGeneratorConfiguration: Property 'jmeter.reportgenerator.start_date' not found, using default value 'null' instead.
2026-02-21 10:55:57,991 INFO o.a.j.r.c.ReportGeneratorConfiguration: Property 'jmeter.reportgenerator.end_date' not found, using default value 'null' instead.
2026-02-21 10:55:57,992 INFO o.a.j.r.c.ReportGeneratorConfiguration: Property 'jmeter.reportgenerator.date_format' not found, using default value 'null' instead.
2026-02-21 10:55:57,993 INFO o.a.j.r.c.ReportGeneratorConfiguration: Will use date range start date: null, end date: null
2026-02-21 10:55:58,003 INFO o.a.j.r.c.ReportGeneratorConfiguration: Property 'jmeter.reportgenerator.graph.totalTPS.exclude_controllers' not found, using default value 'false' instead.
2026-02-21 10:55:58,004 INFO o.a.j.r.c.ReportGeneratorConfiguration: Property 'jmeter.reportgenerator.graph.activeThreadsOverTime.exclude_controllers' not found, using default value 'false' instead.
2026-02-21 10:55:58,004 INFO o.a.j.r.c.ReportGeneratorConfiguration: Property 'jmeter.reportgenerator.graph.timeVsThreads.exclude_controllers' not found, using default value 'false' instead.
2026-02-21 10:55:58,006 INFO o.a.j.r.c.ReportGeneratorConfiguration: Property 'jmeter.reportgenerator.graph.responseTimeDistribution.exclude_controllers' not found, using default value 'false' instead.
2026-02-21 10:55:58,007 INFO o.a.j.r.c.ReportGeneratorConfiguration: Property 'jmeter.reportgenerator.graph.transactionsPerSecond.exclude_controllers' not found, using default value 'false' instead.
2026-02-21 10:55:58,007 INFO o.a.j.r.c.ReportGeneratorConfiguration: Property 'jmeter.reportgenerator.graph.responseTimePercentiles.exclude_controllers' not found, using default value 'false' instead.
2026-02-21 10:55:58,009 INFO o.a.j.r.c.ReportGeneratorConfiguration: Property 'jmeter.reportgenerator.graph.responseTimePercentilesOverTime.exclude_controllers' not found, using default value 'false' instead.
2026-02-21 10:55:58,009 INFO o.a.j.r.c.ReportGeneratorConfiguration: Property 'jmeter.reportgenerator.graph.responseTimesOverTime.exclude_controllers' not found, using default value 'false' instead.
2026-02-21 10:55:58,010 INFO o.a.j.r.c.ReportGeneratorConfiguration: Property 'jmeter.reportgenerator.graph.connectTimeOverTime.exclude_controllers' not found, using default value 'false' instead.
2026-02-21 10:55:58,011 INFO o.a.j.r.c.ReportGeneratorConfiguration: Property 'jmeter.reportgenerator.graph.latenciesOverTime.exclude_controllers' not found, using default value 'false' instead.
2026-02-21 10:55:58,013 INFO o.a.j.r.c.ReportGeneratorConfiguration: Property 'jmeter.reportgenerator.exporter.json.filters_only_sample_series' not found, using default value 'true' instead.
2026-02-21 10:55:58,014 INFO o.a.j.r.c.ReportGeneratorConfiguration: Property 'jmeter.reportgenerator.exporter.json.series_filter' not found, using default value '' instead.
2026-02-21 10:55:58,015 INFO o.a.j.r.c.ReportGeneratorConfiguration: Property 'jmeter.reportgenerator.exporter.json.show_controllers_only' not found, using default value 'false' instead.
2026-02-21 10:55:58,017 INFO o.a.j.r.c.ReportGeneratorConfiguration: Property 'jmeter.reportgenerator.exporter.html.filters_only_sample_series' not found, using default value 'true' instead.
2026-02-21 10:55:58,017 INFO o.a.j.r.c.ReportGeneratorConfiguration: Property 'jmeter.reportgenerator.exporter.html.series_filter' not found, using default value '' instead.
2026-02-21 10:55:58,018 INFO o.a.j.r.c.ReportGeneratorConfiguration: Property 'jmeter.reportgenerator.exporter.html.show_controllers_only' not found, using default value 'false' instead.
2026-02-21 10:55:58,041 INFO o.a.j.e.StandardJMeterEngine: Running the test!
2026-02-21 10:55:58,044 INFO o.a.j.s.SampleEvent: List of sample_variables: []
2026-02-21 10:55:58,045 INFO o.a.j.s.SampleEvent: List of sample_variables: []
2026-02-21 10:55:58,085 INFO o.a.j.e.u.CompoundVariable: Note: Function class names must contain the string: '.functions.'
2026-02-21 10:55:58,085 INFO o.a.j.e.u.CompoundVariable: Note: Function class names must not contain the string: '.gui.'
2026-02-21 10:55:58,628 INFO o.a.j.r.ClassFinder: Will scan jar /opt/jmeter/lib/ext/jmeter-plugins-casutg-2.10.jar with filter ExtendsClassFilter [parents=[interface org.apache.jmeter.functions.Function], inner=false, contains=null, notContains=null]. Consider exposing JMeter plugins via META-INF/services, and add JMeter-Skip-Class-Scanning=true manifest attribute so JMeter can skip classfile scanning
2026-02-21 10:55:58,665 INFO o.a.j.r.ClassFinder: Will scan jar /opt/jmeter/lib/ext/jmeter-plugins-manager-1.11.jar with filter ExtendsClassFilter [parents=[interface org.apache.jmeter.functions.Function], inner=false, contains=null, notContains=null]. Consider exposing JMeter plugins via META-INF/services, and add JMeter-Skip-Class-Scanning=true manifest attribute so JMeter can skip classfile scanning
2026-02-21 10:55:58,841 INFO o.a.j.r.ClassFinder: Will scan jar /opt/jmeter/lib/ext/jmeter-plugins-standard-1.4.0.jar with filter ExtendsClassFilter [parents=[interface org.apache.jmeter.functions.Function], inner=false, contains=null, notContains=null]. Consider exposing JMeter plugins via META-INF/services, and add JMeter-Skip-Class-Scanning=true manifest attribute so JMeter can skip classfile scanning
2026-02-21 10:55:59,508 INFO o.a.j.JMeter: Running test (1771671359508)
2026-02-21 10:55:59,547 INFO o.a.j.e.StandardJMeterEngine: Starting ThreadGroup: 1 : Thread Group
2026-02-21 10:55:59,548 INFO o.a.j.e.StandardJMeterEngine: Starting 1 threads for group Thread Group.
2026-02-21 10:55:59,549 INFO o.a.j.e.StandardJMeterEngine: Thread will continue on error
2026-02-21 10:55:59,550 INFO o.a.j.t.ThreadGroup: Starting thread group... number=1 threads=1 ramp-up=1 delayedStart=false
2026-02-21 10:55:59,561 INFO o.a.j.t.ThreadGroup: Started thread group number 1
2026-02-21 10:55:59,563 INFO o.a.j.e.StandardJMeterEngine: All thread groups have been started
2026-02-21 10:55:59,589 INFO o.a.j.t.JMeterThread: Thread started: Thread Group 1-1
2026-02-21 10:55:59,632 INFO o.a.j.p.h.s.HTTPHCAbstractImpl: Local host = ff30bf7ae105
2026-02-21 10:55:59,645 INFO o.a.j.p.h.s.HTTPHC4Impl: HTTP request retry count = 0
2026-02-21 10:55:59,649 INFO o.a.j.s.SampleResult: Note: Sample TimeStamps are START times
2026-02-21 10:55:59,650 INFO o.a.j.s.SampleResult: sampleresult.default.encoding is set to UTF-8
2026-02-21 10:55:59,651 INFO o.a.j.s.SampleResult: sampleresult.useNanoTime=true
2026-02-21 10:55:59,652 INFO o.a.j.s.SampleResult: sampleresult.nanoThreadSleep=5000
2026-02-21 10:56:00,148 INFO o.a.j.p.h.s.h.LazyLayeredConnectionSocketFactory: Setting up HTTPS TrustAll Socket Factory
2026-02-21 10:56:00,161 INFO o.a.j.u.JsseSSLManager: Using default SSL protocol: TLS
2026-02-21 10:56:00,161 INFO o.a.j.u.JsseSSLManager: SSL session context: per-thread
2026-02-21 10:56:00,632 INFO o.a.j.u.SSLManager: JmeterKeyStore Location:  type JKS
2026-02-21 10:56:00,644 INFO o.a.j.u.SSLManager: KeyStore created OK
2026-02-21 10:56:00,645 WARN o.a.j.u.SSLManager: Keystore file not found, loading empty keystore
2026-02-21 10:56:03,355 INFO o.a.j.e.J.JSR223 PostProcessor: length of the string:32
2026-02-21 10:56:03,368 ERROR o.a.j.e.JSR223PostProcessor: Problem in JSR223 script, JSR223 PostProcessor
javax.script.ScriptException: java.io.FileNotFoundException: C:/Users/SIDDARDHA/OneDrive/Desktop/jmeter/petstore/characters/integerfile.txt (No such file or directory)
	at org.codehaus.groovy.jsr223.GroovyScriptEngineImpl.eval(GroovyScriptEngineImpl.java:320) ~[groovy-jsr223-3.0.17.jar:3.0.17]
	at org.codehaus.groovy.jsr223.GroovyCompiledScript.eval(GroovyCompiledScript.java:71) ~[groovy-jsr223-3.0.17.jar:3.0.17]
	at javax.script.CompiledScript.eval(CompiledScript.java:89) ~[java.scripting:?]
	at org.apache.jmeter.util.JSR223TestElement.processFileOrScript(JSR223TestElement.java:230) ~[ApacheJMeter_core.jar:5.6.2]
	at org.apache.jmeter.extractor.JSR223PostProcessor.process(JSR223PostProcessor.java:45) [ApacheJMeter_components.jar:5.6.2]
	at org.apache.jmeter.threads.JMeterThread.runPostProcessors(JMeterThread.java:973) [ApacheJMeter_core.jar:5.6.2]
	at org.apache.jmeter.threads.JMeterThread.executeSamplePackage(JMeterThread.java:585) [ApacheJMeter_core.jar:5.6.2]
	at org.apache.jmeter.threads.JMeterThread.processSampler(JMeterThread.java:501) [ApacheJMeter_core.jar:5.6.2]
	at org.apache.jmeter.threads.JMeterThread.run(JMeterThread.java:268) [ApacheJMeter_core.jar:5.6.2]
	at java.lang.Thread.run(Thread.java:829) [?:?]
Caused by: java.io.FileNotFoundException: C:/Users/SIDDARDHA/OneDrive/Desktop/jmeter/petstore/characters/integerfile.txt (No such file or directory)
	at java.io.FileOutputStream.open0(Native Method) ~[?:?]
	at java.io.FileOutputStream.open(FileOutputStream.java:298) ~[?:?]
	at java.io.FileOutputStream.<init>(FileOutputStream.java:237) ~[?:?]
	at java.io.FileOutputStream.<init>(FileOutputStream.java:158) ~[?:?]
	at jdk.internal.reflect.NativeConstructorAccessorImpl.newInstance0(Native Method) ~[?:?]
	at jdk.internal.reflect.NativeConstructorAccessorImpl.newInstance(NativeConstructorAccessorImpl.java:62) ~[?:?]
	at jdk.internal.reflect.DelegatingConstructorAccessorImpl.newInstance(DelegatingConstructorAccessorImpl.java:45) ~[?:?]
	at java.lang.reflect.Constructor.newInstance(Constructor.java:490) ~[?:?]
	at org.codehaus.groovy.reflection.CachedConstructor.invoke(CachedConstructor.java:72) ~[groovy-3.0.17.jar:3.0.17]
	at org.codehaus.groovy.runtime.callsite.ConstructorSite$ConstructorSiteNoUnwrapNoCoerce.callConstructor(ConstructorSite.java:105) ~[groovy-3.0.17.jar:3.0.17]
	at org.codehaus.groovy.runtime.callsite.CallSiteArray.defaultCallConstructor(CallSiteArray.java:59) ~[groovy-3.0.17.jar:3.0.17]
	at org.codehaus.groovy.runtime.callsite.AbstractCallSite.callConstructor(AbstractCallSite.java:263) ~[groovy-3.0.17.jar:3.0.17]
	at org.codehaus.groovy.runtime.callsite.AbstractCallSite.callConstructor(AbstractCallSite.java:286) ~[groovy-3.0.17.jar:3.0.17]
	at Script1.run(Script1.groovy:10) ~[?:?]
	at org.codehaus.groovy.jsr223.GroovyScriptEngineImpl.eval(GroovyScriptEngineImpl.java:317) ~[groovy-jsr223-3.0.17.jar:3.0.17]
	... 9 more
2026-02-21 10:56:03,388 INFO o.a.j.r.Summariser: summary +      1 in 00:00:04 =    0.3/s Avg:  2311 Min:  2311 Max:  2311 Err:     0 (0.00%) Active: 1 Started: 1 Finished: 0
2026-02-21 10:56:30,287 INFO o.a.j.r.Summariser: summary +      8 in 00:00:27 =    0.3/s Avg:   496 Min:   306 Max:   741 Err:     0 (0.00%) Active: 1 Started: 1 Finished: 0
2026-02-21 10:56:30,288 INFO o.a.j.r.Summariser: summary =      9 in 00:00:31 =    0.3/s Avg:   698 Min:   306 Max:  2311 Err:     0 (0.00%)
2026-02-21 10:56:38,434 INFO o.a.j.t.JMeterThread: Thread is done: Thread Group 1-1
2026-02-21 10:56:38,434 INFO o.a.j.t.JMeterThread: Thread finished: Thread Group 1-1
2026-02-21 10:56:38,437 INFO o.a.j.e.StandardJMeterEngine: Notifying test listeners of end of test
2026-02-21 10:56:38,445 INFO o.a.j.r.Summariser: summary +      6 in 00:00:08 =    0.7/s Avg:   485 Min:     4 Max:   797 Err:     0 (0.00%) Active: 0 Started: 1 Finished: 1
2026-02-21 10:56:38,447 INFO o.a.j.r.Summariser: summary =     15 in 00:00:39 =    0.4/s Avg:   613 Min:     4 Max:  2311 Err:     0 (0.00%)
2026-02-21 10:56:38,449 INFO o.a.j.JMeter: Generating Dashboard
2026-02-21 10:56:38,450 INFO o.a.j.r.d.ReportGenerator: Flushing result collector before report Generation
2026-02-21 10:56:38,494 INFO o.a.j.r.p.NormalizerSampleConsumer: Using format, 'ms', to parse timeStamp field
2026-02-21 10:56:38,677 INFO o.a.j.r.p.AbstractSampleConsumer: class org.apache.jmeter.report.processor.AggregateConsumer#stopProducing(): beginDate produced 0 samples
2026-02-21 10:56:38,678 INFO o.a.j.r.p.AbstractSampleConsumer: class org.apache.jmeter.report.processor.AggregateConsumer#stopProducing(): endDate produced 0 samples
2026-02-21 10:56:38,685 INFO o.a.j.r.p.AbstractSampleConsumer: class org.apache.jmeter.report.processor.ApdexSummaryConsumer#stopProducing(): apdexSummary produced 0 samples
2026-02-21 10:56:38,686 INFO o.a.j.r.p.AbstractSampleConsumer: class org.apache.jmeter.report.processor.RequestsSummaryConsumer#stopProducing(): requestsSummary produced 0 samples
2026-02-21 10:56:38,696 INFO o.a.j.r.p.AbstractSampleConsumer: class org.apache.jmeter.report.processor.StatisticsSummaryConsumer#stopProducing(): statisticsSummary produced 0 samples
2026-02-21 10:56:38,701 INFO o.a.j.r.p.AbstractSampleConsumer: class org.apache.jmeter.report.processor.Top5ErrorsBySamplerConsumer#stopProducing(): top5ErrorsBySampler produced 0 samples
2026-02-21 10:56:38,702 INFO o.a.j.r.p.AbstractSampleConsumer: class org.apache.jmeter.report.processor.ErrorsSummaryConsumer#stopProducing(): errorsSummary produced 0 samples
2026-02-21 10:56:38,703 INFO o.a.j.r.p.AbstractSampleConsumer: class org.apache.jmeter.report.processor.graph.impl.HitsPerSecondGraphConsumer#stopProducing(): hitsPerSecond produced 0 samples
2026-02-21 10:56:38,765 INFO o.a.j.r.p.AbstractSampleConsumer: class org.apache.jmeter.report.processor.graph.impl.LatencyVSRequestGraphConsumer#stopProducing(): latencyVsRequest produced 0 samples
2026-02-21 10:56:38,766 INFO o.a.j.r.p.AbstractSampleConsumer: class org.apache.jmeter.report.processor.graph.impl.SyntheticResponseTimeDistributionGraphConsumer#stopProducing(): syntheticResponseTimeDistribution produced 0 samples
2026-02-21 10:56:38,767 INFO o.a.j.r.p.AbstractSampleConsumer: class org.apache.jmeter.report.processor.graph.impl.BytesThroughputGraphConsumer#stopProducing(): bytesThroughputOverTime produced 0 samples
2026-02-21 10:56:38,768 INFO o.a.j.r.p.AbstractSampleConsumer: class org.apache.jmeter.report.processor.graph.impl.CodesPerSecondGraphConsumer#stopProducing(): codesPerSecond produced 0 samples
2026-02-21 10:56:38,819 INFO o.a.j.r.p.AbstractSampleConsumer: class org.apache.jmeter.report.processor.graph.impl.ResponseTimeVSRequestGraphConsumer#stopProducing(): responseTimeVsRequest produced 0 samples
2026-02-21 10:56:38,820 INFO o.a.j.r.p.AbstractSampleConsumer: class org.apache.jmeter.report.processor.FilterConsumer#stopProducing(): startIntervalControlerFilter produced 133 samples
2026-02-21 10:56:38,820 INFO o.a.j.r.p.AbstractSampleConsumer: class org.apache.jmeter.report.processor.graph.impl.TotalTPSGraphConsumer#stopProducing(): totalTPS produced 0 samples
2026-02-21 10:56:38,821 INFO o.a.j.r.p.AbstractSampleConsumer: class org.apache.jmeter.report.processor.graph.impl.ActiveThreadsGraphConsumer#stopProducing(): activeThreadsOverTime produced 0 samples
2026-02-21 10:56:38,822 INFO o.a.j.r.p.AbstractSampleConsumer: class org.apache.jmeter.report.processor.graph.impl.TimeVSThreadGraphConsumer#stopProducing(): timeVsThreads produced 0 samples
2026-02-21 10:56:38,824 INFO o.a.j.r.p.AbstractSampleConsumer: class org.apache.jmeter.report.processor.graph.impl.ResponseTimeDistributionGraphConsumer#stopProducing(): responseTimeDistribution produced 0 samples
2026-02-21 10:56:38,825 INFO o.a.j.r.p.AbstractSampleConsumer: class org.apache.jmeter.report.processor.graph.impl.TransactionsPerSecondGraphConsumer#stopProducing(): transactionsPerSecond produced 0 samples
2026-02-21 10:56:38,826 INFO o.a.j.r.p.AbstractSampleConsumer: class org.apache.jmeter.report.processor.graph.impl.ResponseTimePercentilesGraphConsumer#stopProducing(): responseTimePercentiles produced 0 samples
2026-02-21 10:56:38,839 INFO o.a.j.r.p.AbstractSampleConsumer: class org.apache.jmeter.report.processor.graph.impl.ResponseTimePercentilesOverTimeGraphConsumer#stopProducing(): responseTimePercentilesOverTime produced 0 samples
2026-02-21 10:56:38,840 INFO o.a.j.r.p.AbstractSampleConsumer: class org.apache.jmeter.report.processor.graph.impl.ResponseTimeOverTimeGraphConsumer#stopProducing(): responseTimesOverTime produced 0 samples
2026-02-21 10:56:38,841 INFO o.a.j.r.p.AbstractSampleConsumer: class org.apache.jmeter.report.processor.graph.impl.ConnectTimeOverTimeGraphConsumer#stopProducing(): connectTimeOverTime produced 0 samples
2026-02-21 10:56:38,842 INFO o.a.j.r.p.AbstractSampleConsumer: class org.apache.jmeter.report.processor.graph.impl.LatencyOverTimeGraphConsumer#stopProducing(): latenciesOverTime produced 0 samples
2026-02-21 10:56:38,843 INFO o.a.j.r.p.AbstractSampleConsumer: class org.apache.jmeter.report.processor.FilterConsumer#stopProducing(): nameFilter produced 285 samples
2026-02-21 10:56:38,843 INFO o.a.j.r.p.AbstractSampleConsumer: class org.apache.jmeter.report.processor.FilterConsumer#stopProducing(): dateRangeFilter produced 57 samples
2026-02-21 10:56:38,844 INFO o.a.j.r.p.AbstractSampleConsumer: class org.apache.jmeter.report.processor.NormalizerSampleConsumer#stopProducing(): normalizer produced 19 samples
2026-02-21 10:56:38,847 INFO o.a.j.r.p.CsvFileSampleSource: produce(): 19 samples produced in 301ms on channel 0
2026-02-21 10:56:38,848 INFO o.a.j.r.d.ReportGenerator: Exporting data using exporter:'json' of className:'org.apache.jmeter.report.dashboard.JsonExporter'
2026-02-21 10:56:39,158 INFO o.a.j.r.d.JsonExporter: Found data for consumer statisticsSummary in context
2026-02-21 10:56:39,159 INFO o.a.j.r.d.JsonExporter: Creating statistics for overall
2026-02-21 10:56:39,161 INFO o.a.j.r.d.JsonExporter: Creating statistics for other transactions
2026-02-21 10:56:39,162 INFO o.a.j.r.d.JsonExporter: Checking output folder
2026-02-21 10:56:39,169 INFO o.a.j.r.d.JsonExporter: Writing statistics JSON to /tests/report/statistics.json
2026-02-21 10:56:39,238 INFO o.a.j.r.d.ReportGenerator: Exporting data using exporter:'html' of className:'org.apache.jmeter.report.dashboard.HtmlTemplateExporter'
2026-02-21 10:56:39,253 INFO o.a.j.r.d.HtmlTemplateExporter: Will generate dashboard in folder: /tests/report
2026-02-21 10:56:39,459 INFO o.a.j.r.d.HtmlTemplateExporter: Report will be generated in: /tests/report, creating folder structure
2026-02-21 10:56:39,472 INFO o.a.j.r.d.TemplateVisitor: Copying folder from '/opt/jmeter/bin/report-template' to '/tests/report', got message: /tests/report, found non empty folder with following content [/tests/report/statistics.json], will be ignored
2026-02-21 10:56:41,915 INFO o.a.j.JMeter: Dashboard generated
